MESH         NAME
default      example
playground   demo
