Affected data plane proxies:

  meshgateway:
    listener (HTTP:80):
      *:
        route-1:
          service redis

  web-1:
    service backend

  backend-1:
    service redis
    service external

